// Jest Snapshot v1, https://goo.gl/fbAQLP

exports[`Componente de Transação Snapshot 1`] = `
<div
  class="transacao-container"
>
  <p>
    06/01/2022
  </p>
  <p>
    saque
  </p>
  <p>
    R$ 
    20.00
  </p>
</div>
`;
